Optimization Log for Row 11: 4993KLFVarsityRed-9904775_7811730
==================================================
[19:41:04] [INFO] Processing row 11: 4993KLFVarsityRed-9904775_7811730
[19:41:04] [INFO] Config: 4993KL, Varsity Red, LEFT HIP, 9904775_7811730
[19:41:04] [INFO] Found 6 image candidates: ['4993KL Varsity Red.jpg', '4993KL Anthracite.jpg', '4993KL Blue Sapphire.jpg', '4993KL White.jpg', '4993KL Midnight Navy.jpg', '4993KL Black.jpg']
[19:41:04] [INFO] Found logo: 9904775_7811730.pdf
[19:41:04] [INFO] Detected Type: T-SHIRT
[19:41:04] [INFO] Single Position: LEFT-HIP
[19:41:04] [INFO] Trying image: 4993KL Varsity Red.jpg
[19:41:04] [INFO]   Coords for LEFT-HIP: None, Rotation: 0.0°
[19:41:04] [INFO] Trying image: 4993KL Anthracite.jpg
[19:41:04] [INFO]   Coords for LEFT-HIP: None, Rotation: 0.0°
[19:41:04] [INFO] Trying image: 4993KL Blue Sapphire.jpg
[19:41:04] [INFO]   Coords for LEFT-HIP: None, Rotation: 0.0°
[19:41:04] [INFO] Trying image: 4993KL White.jpg
[19:41:04] [INFO]   Coords for LEFT-HIP: None, Rotation: 0.0°
[19:41:04] [INFO] Trying image: 4993KL Midnight Navy.jpg
[19:41:04] [INFO]   Coords for LEFT-HIP: None, Rotation: 0.0°
[19:41:04] [INFO] Trying image: 4993KL Black.jpg
[19:41:04] [INFO]   Coords for LEFT-HIP: None, Rotation: 0.0°
[19:41:04] [ERROR] All candidates failed.
